[10e3d12.wcomhost.com/index.html]
[backblue.gif]
[fade.gif]
[index.html]
[10e3d12.wcomhost.com/favicons/3a856959-47ce-4376-9b49-aabfb95579c3/favicon-180x180.png]
[10e3d12.wcomhost.com/favicons/3a856959-47ce-4376-9b49-aabfb95579c3/favicon-32x32.png]
[10e3d12.wcomhost.com/favicons/3a856959-47ce-4376-9b49-aabfb95579c3/favicon-16x16.png]
[static-gcs.edit.site/bundle/publish/0.43.4/publish.css]
[10e3d12.wcomhost.com/styles/3a856959-47ce-4376-9b49-aabfb95579c393fa.css]
[10e3d12.wcomhost.com/__fonts/raleway-normal-100.woff2]
[10e3d12.wcomhost.com/__fonts/raleway-normal-200.woff2]
[10e3d12.wcomhost.com/__fonts/raleway-normal-300.woff2]
[10e3d12.wcomhost.com/__fonts/raleway-normal-400.woff2]
[10e3d12.wcomhost.com/__fonts/raleway-normal-500.woff2]
[10e3d12.wcomhost.com/__fonts/raleway-normal-600.woff2]
[10e3d12.wcomhost.com/__fonts/raleway-normal-700.woff2]
[10e3d12.wcomhost.com/__fonts/raleway-normal-800.woff2]
[10e3d12.wcomhost.com/__fonts/raleway-normal-900.woff2]
[10e3d12.wcomhost.com/__fonts/raleway-italic-100.woff2]
[10e3d12.wcomhost.com/__fonts/raleway-italic-200.woff2]
[10e3d12.wcomhost.com/__fonts/raleway-italic-300.woff2]
[10e3d12.wcomhost.com/__fonts/raleway-italic-400.woff2]
[10e3d12.wcomhost.com/__fonts/raleway-italic-500.woff2]
[10e3d12.wcomhost.com/__fonts/raleway-italic-600.woff2]
[10e3d12.wcomhost.com/__fonts/raleway-italic-700.woff2]
[10e3d12.wcomhost.com/__fonts/raleway-italic-800.woff2]
[10e3d12.wcomhost.com/__fonts/raleway-italic-900.woff2]
[10e3d12.wcomhost.com/__fonts/sanchez-normal-400.woff2]
[10e3d12.wcomhost.com/__fonts/sanchez-italic-400.woff2]
[10e3d12.wcomhost.com/__fonts/chivo-normal-100.woff2]
[10e3d12.wcomhost.com/__fonts/chivo-normal-200.woff2]
[10e3d12.wcomhost.com/__fonts/chivo-normal-300.woff2]
[10e3d12.wcomhost.com/__fonts/chivo-normal-400.woff2]
[10e3d12.wcomhost.com/__fonts/chivo-normal-500.woff2]
[10e3d12.wcomhost.com/__fonts/chivo-normal-600.woff2]
[10e3d12.wcomhost.com/__fonts/chivo-normal-700.woff2]
[10e3d12.wcomhost.com/__fonts/chivo-normal-800.woff2]
[10e3d12.wcomhost.com/__fonts/chivo-normal-900.woff2]
[10e3d12.wcomhost.com/__fonts/chivo-italic-100.woff2]
[10e3d12.wcomhost.com/__fonts/chivo-italic-200.woff2]
[10e3d12.wcomhost.com/__fonts/chivo-italic-300.woff2]
[10e3d12.wcomhost.com/__fonts/chivo-italic-400.woff2]
[10e3d12.wcomhost.com/__fonts/chivo-italic-500.woff2]
[10e3d12.wcomhost.com/__fonts/chivo-italic-600.woff2]
[10e3d12.wcomhost.com/__fonts/chivo-italic-700.woff2]
[10e3d12.wcomhost.com/__fonts/chivo-italic-800.woff2]
[10e3d12.wcomhost.com/__fonts/chivo-italic-900.woff2]
[static-gcs.edit.site/bundle/publish/0.43.4/vendors.js]
[10e3d12.wcomhost.com/index.html]
[static-gcs.edit.site/bundle/publish/0.43.4/publish.css]
[10e3d12.wcomhost.com/styles/3a856959-47ce-4376-9b49-aabfb95579c393fa.css]
[10e3d12.wcomhost.com/__version-1/privacy-and-cookies-policy/index.html]
[10e3d12.wcomhost.com/__version-1/privacy-and-cookies-policy/index.html]
[static-gcs.edit.site/bundle/publish/0.43.4/bundle.js]
